// Jest Snapshot v1, https://goo.gl/fbAQLP

exports[`containers:ResultsHero ResultsHero should render ResultsHero properly when yesCount == 0 1`] = `
<styled.div>
  <p>
    Based on your answers, it looks like you're in good legal health! 
        But if you have a problem, or something worrying you that wasn't covered by the questions 
        in this check-up, do come talk to us at Community Law
  </p>
</styled.div>
`;

exports[`containers:ResultsHero ResultsHero should render ResultsHero properly when yesCount > 0  1`] = `
<styled.div>
  <p>
    Based on your answers, a lawyer may be able to help you with...
  </p>
  <a
    href="#"
  >
    expand
  </a>
  <p>
    You can get free legal advice about these (or any other problem) from your local Community Law Centre.
  </p>
</styled.div>
`;
