// Jest Snapshot v1, https://goo.gl/fbAQLP

exports[`components:Checkup renders the Checkup page 1`] = `
<Fragment>
  <HelmetWrapper
    defer={true}
    encodeSpecialCharacters={true}
  >
    <title>
      Legal Checkup
    </title>
  </HelmetWrapper>
  <Header />
  <StyledLayout>
    <MobileProgressBar />
    <Connect(StyledQuestionCounter) />
    <Connect(StyledQuestionBox) />
    <AnswerBar />
  </StyledLayout>
  <Footer />
</Fragment>
`;
