// Jest Snapshot v1, https://goo.gl/fbAQLP

exports[`components:styled:NotSureButton renders the NotSureButton and CSS properties properly 1`] = `
.c0 {
  width: 88px;
  height: 78px;
  background-color: #fff;
  border: solid 2px #b5b5b5;
  margin-left: 7px;
  width: 109px;
  height: 78px;
  border-radius: 5px;
  border: solid 2px #b5b5b5;
}

<button
  className="c0"
/>
`;
