// Jest Snapshot v1, https://goo.gl/fbAQLP

exports[`components:styled:MobileFooter renders the MobileFooter and CSS properties properly 1`] = `
.c0 {
  height: 130px;
  text-align: center;
  display: -webkit-box;
  display: -webkit-flex;
  display: -ms-flexbox;
  display: flex;
  -webkit-flex-direction: column;
  -ms-flex-direction: column;
  flex-direction: column;
  -webkit-box-pack: center;
  -webkit-justify-content: center;
  -ms-flex-pack: center;
  justify-content: center;
  background-color: #202020;
}

<div
  className="c0"
/>
`;
