// Jest Snapshot v1, https://goo.gl/fbAQLP

exports[`components:MobileProgressBar renders the MobileProgressBar and CSS properties properly 1`] = `
<StyledMobileProgressBar>
  <ConnectedNavButtonBack>
    ◀
  </ConnectedNavButtonBack>
  <Connect(CurrentTopic) />
  <ConnectNavButtonForward>
    ▶
  </ConnectNavButtonForward>
</StyledMobileProgressBar>
`;
