// Jest Snapshot v1, https://goo.gl/fbAQLP

exports[`components:Home renders the Home page 1`] = `
<Fragment>
  <HelmetWrapper
    defer={true}
    encodeSpecialCharacters={true}
  >
    <title>
      Legal Checkup
    </title>
  </HelmetWrapper>
  <Header />
  <StyledLayout>
    <p>
      This is the 
      <strong>
        Home
      </strong>
       page
    </p>
  </StyledLayout>
  <Footer />
</Fragment>
`;
