// Jest Snapshot v1, https://goo.gl/fbAQLP

exports[`components:styled:ProgressBar renders the ProgressBar and CSS properties properly 1`] = `
.c0 {
  display: -webkit-box;
  display: -webkit-flex;
  display: -ms-flexbox;
  display: flex;
  background-color: gainsboro;
  margin: 0 0.2rem;
}

<ul
  className="c0"
>
  StyledProgressbar
</ul>
`;
