// Jest Snapshot v1, https://goo.gl/fbAQLP

exports[`components:styled:Logo renders the Logo and CSS properties properly 1`] = `
.c0 {
  width: 96px;
  height: 27px;
  opacity: 0.39;
  font-family: Avenir;
  font-size: 32px;
  font-weight: 900;
  font-style: normal;
  font-stretch: normal;
  line-height: 0.84;
  -webkit-letter-spacing: normal;
  -moz-letter-spacing: normal;
  -ms-letter-spacing: normal;
  letter-spacing: normal;
  color: #ffffff;
  display: inline-block;
  margin-top: 20px;
  margin-left: 10px;
  margin-bottom: 22px;
}

<div
  className="c0"
>
  Logo
</div>
`;
