// Jest Snapshot v1, https://goo.gl/fbAQLP

exports[`components:styled:NoButton renders the NoButton and CSS properties properly 1`] = `
.c0 {
  width: 88px;
  height: 78px;
  background-color: #fff;
  border: solid 2px #b5b5b5;
  border-top-right-radius: 5px;
  border-bottom-right-radius: 5px;
}

<button
  className="c0"
/>
`;
