// Jest Snapshot v1, https://goo.gl/fbAQLP

exports[`components:Footer renders the Footer and CSS properties properly 1`] = `
<StyledFooter>
  <h3>
    Footer
  </h3>
  <StyledFooterLink
    href="/privacy-policy"
  >
    Privacy Policy
  </StyledFooterLink>
   
  <StyledFooterLink
    href="/terms-of-use"
  >
    Terms of Use
  </StyledFooterLink>
</StyledFooter>
`;
