// Jest Snapshot v1, https://goo.gl/fbAQLP

exports[`components:Footer renders the Footer and CSS properties properly 1`] = `
<StyledFooter>
  <div>
    <StyledLink
      href="/privacy-policy"
    >
      Privacy Policy
    </StyledLink>
     
    <StyledLink
      href="/terms-of-use"
    >
      Terms of Use
    </StyledLink>
  </div>
</StyledFooter>
`;
