// Jest Snapshot v1, https://goo.gl/fbAQLP

exports[`components:styled:NavTitle renders the NavTitle and CSS properties properly 1`] = `
.c0 {
  width: 156px;
  height: 54px;
  font-family: Avenir;
  font-size: 32px;
  font-weight: 900;
  font-style: normal;
  font-stretch: normal;
  line-height: 0.84;
  -webkit-letter-spacing: normal;
  -moz-letter-spacing: normal;
  -ms-letter-spacing: normal;
  letter-spacing: normal;
  color: #8f8f8f;
  display: inline-block;
  margin-top: 20px;
  margin-left: 10px;
  margin-bottom: 22px;
}

<span
  className="c0"
>
  NavButton
</span>
`;
