// Jest Snapshot v1, https://goo.gl/fbAQLP

exports[`pages:Help renders the Help page 1`] = `
<Fragment>
  <HelmetWrapper
    defer={true}
    encodeSpecialCharacters={true}
  >
    <title>
      Legal Checkup
    </title>
  </HelmetWrapper>
  <Header />
  <StyledLayout>
    <h1>
      This is the Help page
    </h1>
  </StyledLayout>
  <Footer />
</Fragment>
`;
