// Jest Snapshot v1, https://goo.gl/fbAQLP

exports[`components:Header renders the Header and CSS properties properly 1`] = `
<StyledHeader>
  <StyledLogo>
    LOGO
  </StyledLogo>
  <StyledNavTitle>
    LEGAL CHECKUP
  </StyledNavTitle>
  <StyledNavBar>
    <StyledNavButton
      href="/"
    >
      Home
    </StyledNavButton>
    <StyledNavButton>
      Checkup
    </StyledNavButton>
    <StyledNavButton>
      About
    </StyledNavButton>
    <StyledNavButton>
      Help
    </StyledNavButton>
  </StyledNavBar>
</StyledHeader>
`;
