// Jest Snapshot v1, https://goo.gl/fbAQLP

exports[`components:Header renders the Header and CSS properties properly 1`] = `
<header>
  <styled.div>
    <img
      alt=""
      src="./images/cl_logo.png"
    />
    <h1>
      Legal Health Checkup
    </h1>
    <div>
      <styled.a
        href="/"
      >
        Home
      </styled.a>
      <styled.a>
        page1
      </styled.a>
      <styled.a>
        page2
      </styled.a>
      <styled.a>
        page3
      </styled.a>
    </div>
  </styled.div>
</header>
`;
