// Jest Snapshot v1, https://goo.gl/fbAQLP

exports[`components:ProgressBar renders the ProgressBar and CSS properties properly 1`] = `
<StyledProgressBar>
  <Question
    key="1"
    question={1}
  >
    1
  </Question>
  <Question
    key="2"
    question={2}
  >
    2
  </Question>
  <Question
    key="3"
    question={3}
  >
    3
  </Question>
</StyledProgressBar>
`;
