// Jest Snapshot v1, https://goo.gl/fbAQLP

exports[`components:ProgressBar renders the ProgressBar and CSS properties properly 1`] = `
<StyledProgressBar>
  <StyledQuestion
    answered={2}
    current={2}
    key="1"
  >
    1
  </StyledQuestion>
  <StyledQuestion
    answered={2}
    current={2}
    key="2"
  >
    2
  </StyledQuestion>
  <StyledQuestion
    answered={2}
    current={2}
    key="3"
  >
    3
  </StyledQuestion>
</StyledProgressBar>
`;
