// Jest Snapshot v1, https://goo.gl/fbAQLP

exports[`components:styled:TopicName renders the TopicName and CSS properties properly 1`] = `
.c0 {
  -webkit-transform: rotate(-15deg);
  -ms-transform: rotate(-15deg);
  transform: rotate(-15deg);
  margin-bottom: 20px;
  margin-left: 20px;
  margin-top: 20px;
}

<div
  className="c0"
>
  Topic name
</div>
`;
