// Jest Snapshot v1, https://goo.gl/fbAQLP

exports[`components:DesktopHeader renders the DesktopHeader component with the correct CSS 1`] = `
<StyledDesktopHeader>
  <StyledDesktopHeaderLogo>
    LOGO
  </StyledDesktopHeaderLogo>
  <StyledDesktopHeaderLegal>
    LEGAL CHECKUP
  </StyledDesktopHeaderLegal>
  <Connect(Component)
    to="/"
  >
    Home
  </Connect(Component)>
  <Connect(Component)
    to="/checkup"
  >
    Checkup
  </Connect(Component)>
  <Connect(Component)>
    About
  </Connect(Component)>
  <Connect(Component)>
    Help
  </Connect(Component)>
</StyledDesktopHeader>
`;
