// Jest Snapshot v1, https://goo.gl/fbAQLP

exports[`components:Layout renders the Layout and CSS properties properly 1`] = `
<React.Fragment>
  <HelmetWrapper
    defer={true}
    encodeSpecialCharacters={true}
  >
    <title>
      Legal Checkup
    </title>
  </HelmetWrapper>
  <Header />
  <StyledLayout>
    Layout
  </StyledLayout>
  <AnswerBar />
  <Footer />
</React.Fragment>
`;
