// Jest Snapshot v1, https://goo.gl/fbAQLP

exports[`containers:DestopProgressBar renders the DesktopProgressBar correctly 1`] = `
<StyledDesktopProgressBar>
  <Connect(StyledDesktopPreviousButton) />
  <Connect(TopicQuestionsList) />
  <Connect(StyledDesktopNextButton) />
</StyledDesktopProgressBar>
`;
