// Jest Snapshot v1, https://goo.gl/fbAQLP

exports[`components:CurrentTopic renders the CurrentTopic and CSS properties properly 1`] = `
.c0 {
  background-color: #ededed;
  color: #000000;
  font-weight: bold;
  height: 42px;
  line-height: 42px;
  text-align: center;
  width: 191px;
}

<div
  className="c0"
/>
`;
