// Jest Snapshot v1, https://goo.gl/fbAQLP

exports[`Header:LogoWrapper Renders the LogoWrapper with the correct CSS styles 1`] = `
<StyledComponent
  forwardedClass={
    Object {
      "$$typeof": Symbol(react.forward_ref),
      "attrs": Array [],
      "componentStyle": ComponentStyle {
        "componentId": "sc-bdVaJa",
        "isStatic": false,
        "rules": Array [
          "
  display: flex;
  align-items: center;

  ",
          [Function],
          ";
",
        ],
      },
      "displayName": "StyledLogoWrapper",
      "render": [Function],
      "styledComponentId": "sc-bdVaJa",
      "target": "div",
      "toString": [Function],
      "warnTooManyClasses": [Function],
      "withComponent": [Function],
    }
  }
  forwardedRef={null}
/>
`;
