// Jest Snapshot v1, https://goo.gl/fbAQLP

exports[`components:Link:LinkInternal matches the snapshot when format is desktopFooter 1`] = `
<span
  className="sc-bdVaJa aROZF"
  format="desktopFooter"
/>
`;

exports[`components:Link:LinkInternal matches the snapshot when format is mobileFooter 1`] = `
<span
  className="sc-bdVaJa cUWsie"
  format="mobileFooter"
/>
`;

exports[`components:Link:LinkInternal matches the snapshot when format is mobileHeader 1`] = `
<span
  className="sc-bdVaJa iSRzMg"
  format="mobileHeader"
/>
`;

exports[`components:Link:LinkInternal matches the snapshot when format is tabletFooter 1`] = `
<span
  className="sc-bdVaJa exlvvr"
  format="tabletFooter"
/>
`;
