// Jest Snapshot v1, https://goo.gl/fbAQLP

exports[`containers:ResponseButton renders the ResponseButton 1`] = `
<StyledResponseButton
  onClick={[Function]}
  store={
    Object {
      "clearActions": [Function],
      "dispatch": [Function],
      "getActions": [Function],
      "getState": [Function],
      "replaceReducer": [Function],
      "subscribe": [Function],
    }
  }
/>
`;
