// Jest Snapshot v1, https://goo.gl/fbAQLP

exports[`components:layout:Footer:Wrapper matches the snapshot when format is desktop 1`] = `
<div
  className="sc-bdVaJa jpCoSL"
  format="desktop"
/>
`;

exports[`components:layout:Footer:Wrapper matches the snapshot when format is mobile 1`] = `
<div
  className="sc-bdVaJa fQnhSm"
  format="mobile"
/>
`;

exports[`components:layout:Footer:Wrapper matches the snapshot when format is tablet 1`] = `
<div
  className="sc-bdVaJa djhZrC"
  format="tablet"
/>
`;
